[2026-10-02 14:17:15] ======================================================
[2026-10-02 14:17:15] 시작: 이미지 rename + 마크다운 참조 업데이트
[2026-10-02 14:17:15] 노트 디렉토리  : /home/lwh/Documents/001_Brain_Notes
[2026-10-02 14:17:15] 이미지 디렉토리: /home/lwh/Pictures/힣_Brain_Notes
[2026-10-02 14:17:15] ======================================================
[2026-10-02 14:17:15] 발견된 이미지 파일 수: 539
[2026-10-02 14:17:15] 
[2026-10-02 14:17:15] ------------------------------------------------------
[2026-10-02 14:17:15] 파일명 길이 14자 검사 중...
[2026-10-02 14:17:15] ------------------------------------------------------
[2026-10-02 14:17:17] ------------------------------------------------------
[2026-10-02 14:17:17] 파일명 길이 13자 검사 중...
[2026-10-02 14:17:17] ------------------------------------------------------
[2026-10-02 14:17:19] [0;36m검사: 1790486810586.png (basename 13자)[0m
[2026-10-02 14:17:19]   [0;32m매칭된 마크다운 파일 수: 1[0m
[2026-10-02 14:17:19]   이름 변경: 1790486810586.png → r94ta363u3kc_20261002141719.png
[2026-10-02 14:17:19]   ✓ 이미지 rename 완료
[2026-10-02 14:17:19]   ✓ 마크다운 업데이트: 심리 상담자의 어려움.md
[2026-10-02 14:17:19] [0;36m검사: 1790635768357.png (basename 13자)[0m
[2026-10-02 14:17:19]   [0;32m매칭된 마크다운 파일 수: 1[0m
[2026-10-02 14:17:19]   이름 변경: 1790635768357.png → m8hv9ms4sm2u_20261002141719.png
[2026-10-02 14:17:19]   ✓ 이미지 rename 완료
[2026-10-02 14:17:19]   ✓ 마크다운 업데이트: 허리 건강에 좋은 자세.md
[2026-10-02 14:17:19] [0;36m검사: 1790635449489.png (basename 13자)[0m
[2026-10-02 14:17:19]   [0;32m매칭된 마크다운 파일 수: 1[0m
[2026-10-02 14:17:19]   이름 변경: 1790635449489.png → k7myyn62hhtm_20261002141719.png
[2026-10-02 14:17:19]   ✓ 이미지 rename 완료
[2026-10-02 14:17:19]   ✓ 마크다운 업데이트: 허리 건강에 좋은 자세.md
[2026-10-02 14:17:19] [0;36m검사: 1790598031617.png (basename 13자)[0m
[2026-10-02 14:17:19]   [0;32m매칭된 마크다운 파일 수: 1[0m
[2026-10-02 14:17:19]   이름 변경: 1790598031617.png → 5nh9npka6h3p_20261002141719.png
[2026-10-02 14:17:19]   ✓ 이미지 rename 완료
[2026-10-02 14:17:19]   ✓ 마크다운 업데이트: 만성피로.md
[2026-10-02 14:17:19] [0;36m검사: 1790641058933.png (basename 13자)[0m
[2026-10-02 14:17:19]   [0;32m매칭된 마크다운 파일 수: 1[0m
[2026-10-02 14:17:19]   이름 변경: 1790641058933.png → cupwcfhskhvr_20261002141719.png
[2026-10-02 14:17:19]   ✓ 이미지 rename 완료
[2026-10-02 14:17:19]   ✓ 마크다운 업데이트: 치매 예방을 위한 환경 조성.md
[2026-10-02 14:17:19] [0;36m검사: 1790603716189.png (basename 13자)[0m
[2026-10-02 14:17:19]   [0;32m매칭된 마크다운 파일 수: 1[0m
[2026-10-02 14:17:19]   이름 변경: 1790603716189.png → wr9s9yscf37s_20261002141719.png
[2026-10-02 14:17:19]   ✓ 이미지 rename 완료
[2026-10-02 14:17:19]   ✓ 마크다운 업데이트: 숙면을 위한 마음가짐과 태도.md
[2026-10-02 14:17:19] [0;36m검사: 1790635564520.png (basename 13자)[0m
[2026-10-02 14:17:19]   [0;32m매칭된 마크다운 파일 수: 1[0m
[2026-10-02 14:17:19]   이름 변경: 1790635564520.png → vvk7w8tydu58_20261002141719.png
[2026-10-02 14:17:19]   ✓ 이미지 rename 완료
[2026-10-02 14:17:19]   ✓ 마크다운 업데이트: 허리 건강에 좋은 자세.md
[2026-10-02 14:17:19] [0;36m검사: 1790638015059.png (basename 13자)[0m
[2026-10-02 14:17:20]   [0;32m매칭된 마크다운 파일 수: 1[0m
[2026-10-02 14:17:20]   이름 변경: 1790638015059.png → t79buanuruxv_20261002141719.png
[2026-10-02 14:17:20]   ✓ 이미지 rename 완료
[2026-10-02 14:17:20]   ✓ 마크다운 업데이트: 치매 예방을 위한 환경 조성.md
[2026-10-02 14:17:20] [0;36m검사: 1790736595490.png (basename 13자)[0m
[2026-10-02 14:17:20]   [0;32m매칭된 마크다운 파일 수: 1[0m
[2026-10-02 14:17:20]   이름 변경: 1790736595490.png → myc7svwc6wmc_20261002141720.png
[2026-10-02 14:17:20]   ✓ 이미지 rename 완료
[2026-10-02 14:17:20]   ✓ 마크다운 업데이트: 치매 예방을 위한 환경 조성.md
[2026-10-02 14:17:20] [0;36m검사: 1790682636682.png (basename 13자)[0m
[2026-10-02 14:17:20]   [0;32m매칭된 마크다운 파일 수: 1[0m
[2026-10-02 14:17:20]   이름 변경: 1790682636682.png → vt2gdfnxud6y_20261002141720.png
[2026-10-02 14:17:20]   ✓ 이미지 rename 완료
[2026-10-02 14:17:20]   ✓ 마크다운 업데이트: 무릎 관절염.md
[2026-10-02 14:17:20] [0;36m검사: 1790682170285.png (basename 13자)[0m
[2026-10-02 14:17:20]   [0;32m매칭된 마크다운 파일 수: 1[0m
[2026-10-02 14:17:20]   이름 변경: 1790682170285.png → d7c6b58fnv79_20261002141720.png
[2026-10-02 14:17:20]   ✓ 이미지 rename 완료
[2026-10-02 14:17:20]   ✓ 마크다운 업데이트: 족저근막염.md
[2026-10-02 14:17:20] [0;36m검사: 1790681968163.png (basename 13자)[0m
[2026-10-02 14:17:20]   [0;32m매칭된 마크다운 파일 수: 1[0m
[2026-10-02 14:17:20]   이름 변경: 1790681968163.png → aumtakupymmm_20261002141720.png
[2026-10-02 14:17:20]   ✓ 이미지 rename 완료
[2026-10-02 14:17:20]   ✓ 마크다운 업데이트: 아킬레스건염.md
[2026-10-02 14:17:20] [0;36m검사: 1790682103108.png (basename 13자)[0m
[2026-10-02 14:17:20]   [0;32m매칭된 마크다운 파일 수: 1[0m
[2026-10-02 14:17:20]   이름 변경: 1790682103108.png → s44c5nsd7x9n_20261002141720.png
[2026-10-02 14:17:20]   ✓ 이미지 rename 완료
[2026-10-02 14:17:20]   ✓ 마크다운 업데이트: 족저근막염.md
[2026-10-02 14:17:20] [0;36m검사: 1790680714846.png (basename 13자)[0m
[2026-10-02 14:17:20]   [0;32m매칭된 마크다운 파일 수: 1[0m
[2026-10-02 14:17:20]   이름 변경: 1790680714846.png → af68wg4gnpm4_20261002141720.png
[2026-10-02 14:17:20]   ✓ 이미지 rename 완료
[2026-10-02 14:17:20]   ✓ 마크다운 업데이트: 아킬레스건염.md
[2026-10-02 14:17:20] [0;36m검사: 1790725997473.png (basename 13자)[0m
[2026-10-02 14:17:20]   [0;32m매칭된 마크다운 파일 수: 1[0m
[2026-10-02 14:17:20]   이름 변경: 1790725997473.png → cu4mnt22n7h7_20261002141720.png
[2026-10-02 14:17:20]   ✓ 이미지 rename 완료
[2026-10-02 14:17:20]   ✓ 마크다운 업데이트: 아킬레스건염 신발 고르는 기준.md
[2026-10-02 14:17:20] [0;36m검사: 1790721857111.png (basename 13자)[0m
[2026-10-02 14:17:20]   [0;32m매칭된 마크다운 파일 수: 1[0m
[2026-10-02 14:17:20]   이름 변경: 1790721857111.png → a4p5nvdh7s33_20261002141720.png
[2026-10-02 14:17:20]   ✓ 이미지 rename 완료
[2026-10-02 14:17:20]   ✓ 마크다운 업데이트: 족부 전문의가 권하는 신발 선택 기준.md
[2026-10-02 14:17:20] [0;36m검사: 1790810673978.png (basename 13자)[0m
[2026-10-02 14:17:20]   [0;32m매칭된 마크다운 파일 수: 1[0m
[2026-10-02 14:17:20]   이름 변경: 1790810673978.png → 47kmubpbrbvx_20261002141720.png
[2026-10-02 14:17:20]   ✓ 이미지 rename 완료
[2026-10-02 14:17:20]   ✓ 마크다운 업데이트: 무좀.md
[2026-10-02 14:17:20] [0;36m검사: 1790808686647.png (basename 13자)[0m
[2026-10-02 14:17:20]   [0;32m매칭된 마크다운 파일 수: 1[0m
[2026-10-02 14:17:20]   이름 변경: 1790808686647.png → mncp3y24try2_20261002141720.png
[2026-10-02 14:17:20]   ✓ 이미지 rename 완료
[2026-10-02 14:17:20]   ✓ 마크다운 업데이트: 면역력 저하와 피부질환 관계.md
[2026-10-02 14:17:20] [0;36m검사: 1790811319560.png (basename 13자)[0m
[2026-10-02 14:17:20]   [0;32m매칭된 마크다운 파일 수: 1[0m
[2026-10-02 14:17:20]   이름 변경: 1790811319560.png → vks486gvtn2a_20261002141720.png
[2026-10-02 14:17:20]   ✓ 이미지 rename 완료
[2026-10-02 14:17:20]   ✓ 마크다운 업데이트: 모낭염.md
[2026-10-02 14:17:20] [0;36m검사: 1790813080973.png (basename 13자)[0m
[2026-10-02 14:17:20]   [0;32m매칭된 마크다운 파일 수: 1[0m
[2026-10-02 14:17:20]   이름 변경: 1790813080973.png → gdcrft6prhmc_20261002141720.png
[2026-10-02 14:17:20]   ✓ 이미지 rename 완료
[2026-10-02 14:17:20]   ✓ 마크다운 업데이트: 저 GI 식단.md
[2026-10-02 14:17:20] [0;36m검사: 1790822292869.png (basename 13자)[0m
[2026-10-02 14:17:20]   [0;32m매칭된 마크다운 파일 수: 1[0m
[2026-10-02 14:17:20]   이름 변경: 1790822292869.png → u3mu3aswd64u_20261002141720.png
[2026-10-02 14:17:20]   ✓ 이미지 rename 완료
[2026-10-02 14:17:20]   ✓ 마크다운 업데이트: 이향인으로서의 에토스.md
[2026-10-02 14:17:20] [0;36m검사: 1790811673801.png (basename 13자)[0m
[2026-10-02 14:17:20]   [0;32m매칭된 마크다운 파일 수: 1[0m
[2026-10-02 14:17:20]   이름 변경: 1790811673801.png → hy9ryb482x3d_20261002141720.png
[2026-10-02 14:17:20]   ✓ 이미지 rename 완료
[2026-10-02 14:17:20]   ✓ 마크다운 업데이트: 피지 과다 분비.md
[2026-10-02 14:17:20] [0;36m검사: 1790853901065.png (basename 13자)[0m
[2026-10-02 14:17:20]   [0;32m매칭된 마크다운 파일 수: 1[0m
[2026-10-02 14:17:20]   이름 변경: 1790853901065.png → mmnymcb2wfwn_20261002141720.png
[2026-10-02 14:17:20]   ✓ 이미지 rename 완료
[2026-10-02 14:17:20]   ✓ 마크다운 업데이트: 안구 건조증.md
[2026-10-02 14:17:20] [0;36m검사: 1790853425218.png (basename 13자)[0m
[2026-10-02 14:17:20]   [0;32m매칭된 마크다운 파일 수: 1[0m
[2026-10-02 14:17:20]   이름 변경: 1790853425218.png → 32487nhkbsr6_20261002141720.png
[2026-10-02 14:17:20]   ✓ 이미지 rename 완료
[2026-10-02 14:17:20]   ✓ 마크다운 업데이트: 통풍 예방.md
[2026-10-02 14:17:20] [0;36m검사: 1790861660653.png (basename 13자)[0m
[2026-10-02 14:17:20]   [0;32m매칭된 마크다운 파일 수: 1[0m
[2026-10-02 14:17:20]   이름 변경: 1790861660653.png → m7dbf3n82myr_20261002141720.png
[2026-10-02 14:17:20]   ✓ 이미지 rename 완료
[2026-10-02 14:17:20]   ✓ 마크다운 업데이트: 만성 염증.md
[2026-10-02 14:17:20] [0;36m검사: 1790862069698.png (basename 13자)[0m
[2026-10-02 14:17:20]   [0;32m매칭된 마크다운 파일 수: 1[0m
[2026-10-02 14:17:20]   이름 변경: 1790862069698.png → 6yk4nhgn88wx_20261002141720.png
[2026-10-02 14:17:20]   ✓ 이미지 rename 완료
[2026-10-02 14:17:20]   ✓ 마크다운 업데이트: 우울증.md
[2026-10-02 14:17:20] [0;36m검사: 1790895548012.png (basename 13자)[0m
[2026-10-02 14:17:20]   [0;32m매칭된 마크다운 파일 수: 1[0m
[2026-10-02 14:17:20]   이름 변경: 1790895548012.png → fwuug85kvcsw_20261002141720.png
[2026-10-02 14:17:20]   ✓ 이미지 rename 완료
[2026-10-02 14:17:20]   ✓ 마크다운 업데이트: 100세 이후의 삶 - 초고령자의 생활과 심리.md
[2026-10-02 14:17:20] [0;36m검사: 1790898697125.png (basename 13자)[0m
[2026-10-02 14:17:20]   [0;32m매칭된 마크다운 파일 수: 1[0m
[2026-10-02 14:17:20]   이름 변경: 1790898697125.png → ycts5uk7npbr_20261002141720.png
[2026-10-02 14:17:20]   ✓ 이미지 rename 완료
[2026-10-02 14:17:20]   ✓ 마크다운 업데이트: 반려동물 양육과 생존적 의존의 윤리.md
[2026-10-02 14:17:20] ------------------------------------------------------
[2026-10-02 14:17:20] 파일명 길이 12자 검사 중...
[2026-10-02 14:17:20] ------------------------------------------------------
[2026-10-02 14:17:22] [0;36m검사: 이상지질혈증(고지혈증).jpg (basename 12자)[0m
[2026-10-02 14:17:22]   [0;32m매칭된 마크다운 파일 수: 1[0m
[2026-10-02 14:17:22]   이름 변경: 이상지질혈증(고지혈증).jpg → ghyf8wrmn5rk_20261002141722.jpg
[2026-10-02 14:17:22]   ✓ 이미지 rename 완료
[2026-10-02 14:17:22]   ✓ 마크다운 업데이트: 이상지질혈증.md
[2026-10-02 14:17:22] ------------------------------------------------------
[2026-10-02 14:17:22] 파일명 길이 11자 검사 중...
[2026-10-02 14:17:22] ------------------------------------------------------
[2026-10-02 14:17:24] [0;36m검사: khan_e7Gt46.jpg (basename 11자)[0m
[2026-10-02 14:17:24]   [0;32m매칭된 마크다운 파일 수: 1[0m
[2026-10-02 14:17:24]   이름 변경: khan_e7Gt46.jpg → h3xs86ay469b_20261002141724.jpg
[2026-10-02 14:17:24]   ✓ 이미지 rename 완료
[2026-10-02 14:17:24]   ✓ 마크다운 업데이트: 무릎 관절염.md
[2026-10-02 14:17:24] ------------------------------------------------------
[2026-10-02 14:17:24] 파일명 길이 10자 검사 중...
[2026-10-02 14:17:24] ------------------------------------------------------
[2026-10-02 14:17:26] ------------------------------------------------------
[2026-10-02 14:17:26] 파일명 길이 9자 검사 중...
[2026-10-02 14:17:26] ------------------------------------------------------
[2026-10-02 14:17:28] ------------------------------------------------------
[2026-10-02 14:17:28] 파일명 길이 8자 검사 중...
[2026-10-02 14:17:28] ------------------------------------------------------
[2026-10-02 14:17:30] ------------------------------------------------------
[2026-10-02 14:17:30] 파일명 길이 7자 검사 중...
[2026-10-02 14:17:30] ------------------------------------------------------
[2026-10-02 14:17:32] ------------------------------------------------------
[2026-10-02 14:17:32] 파일명 길이 6자 검사 중...
[2026-10-02 14:17:32] ------------------------------------------------------
[2026-10-02 14:17:34] ------------------------------------------------------
[2026-10-02 14:17:34] 파일명 길이 5자 검사 중...
[2026-10-02 14:17:34] ------------------------------------------------------
[2026-10-02 14:17:36] 
[2026-10-02 14:17:36] ======================================================
[2026-10-02 14:17:36] 완료 요약
[2026-10-02 14:17:36]   rename 처리: 30건
[2026-10-02 14:17:36]   마크다운 참조 없어 스킵: 0건
[2026-10-02 14:17:36]   로그 파일: /home/lwh/.local/bin/rename_images.log
[2026-10-02 14:17:36] ======================================================
[2026-10-02 14:20:55] ======================================================
[2026-10-02 14:20:55] 시작: 이미지 rename + 마크다운 참조 업데이트
[2026-10-02 14:20:55] 노트 디렉토리  : /home/lwh/Documents/001_Brain_Notes
[2026-10-02 14:20:55] 이미지 디렉토리: /home/lwh/Pictures/힣_Brain_Notes
[2026-10-02 14:20:55] ======================================================
[2026-10-02 14:20:55] 발견된 이미지 파일 수: 539
[2026-10-02 14:20:55] 
[2026-10-02 14:20:55] ------------------------------------------------------
[2026-10-02 14:20:55] 파일명 길이 12자 검사 중...
[2026-10-02 14:20:55] ------------------------------------------------------
[2026-10-02 14:20:57] ------------------------------------------------------
[2026-10-02 14:20:57] 파일명 길이 11자 검사 중...
[2026-10-02 14:20:57] ------------------------------------------------------
[2026-10-02 14:20:59] ------------------------------------------------------
[2026-10-02 14:20:59] 파일명 길이 10자 검사 중...
[2026-10-02 14:20:59] ------------------------------------------------------
[2026-10-02 14:21:01] ------------------------------------------------------
[2026-10-02 14:21:01] 파일명 길이 9자 검사 중...
[2026-10-02 14:21:01] ------------------------------------------------------
[2026-10-02 14:21:03] ------------------------------------------------------
[2026-10-02 14:21:03] 파일명 길이 8자 검사 중...
[2026-10-02 14:21:03] ------------------------------------------------------
[2026-10-02 14:21:05] ------------------------------------------------------
[2026-10-02 14:21:05] 파일명 길이 7자 검사 중...
[2026-10-02 14:21:05] ------------------------------------------------------
[2026-10-02 14:21:08] ------------------------------------------------------
[2026-10-02 14:21:08] 파일명 길이 6자 검사 중...
[2026-10-02 14:21:08] ------------------------------------------------------
[2026-10-02 14:21:10] ------------------------------------------------------
[2026-10-02 14:21:10] 파일명 길이 5자 검사 중...
[2026-10-02 14:21:10] ------------------------------------------------------
[2026-10-02 14:21:12] 
[2026-10-02 14:21:12] ======================================================
[2026-10-02 14:21:12] 완료 요약
[2026-10-02 14:21:12]   rename 처리: 0건
[2026-10-02 14:21:12]   마크다운 참조 없어 스킵: 0건
[2026-10-02 14:21:12]   로그 파일: /home/lwh/.local/bin/rename_images.log
[2026-10-02 14:21:12] ======================================================
